// Jest Snapshot v1, https://goo.gl/fbAQLP

exports[`error handle hello world works 1`] = `"Hello World"`;
